Aluno TDS@SLE213818 MINGW64 ~
$ git config --global user.name "Rossetow"

Aluno TDS@SLE213818 MINGW64 ~
$ git config --global user.email "rafaelrosseto05@gmail.com"

Aluno TDS@SLE213818 MINGW64 ~
$ ssh-keygen -t rsa -C "rafaelrosseto05@gmail.com"
Generating public/private rsa key pair.
Enter file in which to save the key (/c/Users/Aluno TDS/.ssh/id_rsa):
Enter passphrase (empty for no passphrase):
Enter same passphrase again:
Your identification has been saved in /c/Users/Aluno TDS/.ssh/id_rsa
Your public key has been saved in /c/Users/Aluno TDS/.ssh/id_rsa.pub
The key fingerprint is:
SHA256:X+qJhNGY9tvZOE/DALil15i1o4V9Qx310a8SgAD+pew rafaelrosseto05@gmail.com
The key's randomart image is:
+---[RSA 3072]----+
|    .... .    .oo|
|   .   .. .  . .+|
|    . . + ... . o|
|     o X O o.   .|
|      @ S B +. . |
|     o = + B...  |
|      E + o +.   |
|       . =.* .   |
|        o *oo    |
+----[SHA256]-----+

Aluno TDS@SLE213818 MINGW64 ~
$ notepad ~/.ssh/id_rsa.pub

Aluno TDS@SLE213818 MINGW64 ~
$ cd Desktop

Aluno TDS@SLE213818 MINGW64 ~/Desktop
$ cg git
bash: cg: command not found

Aluno TDS@SLE213818 MINGW64 ~/Desktop
$ cd git

Aluno TDS@SLE213818 MINGW64 ~/Desktop/git
$ git init
Initialized empty Git repository in C:/Users/Aluno TDS/Desktop/git/.git/

Aluno TDS@SLE213818 MINGW64 ~/Desktop/git (master)
$ git add xpto.txt

Aluno TDS@SLE213818 MINGW64 ~/Desktop/git (master)
$ git commit -m "Rafa vers達o"
On branch master

Initial commit

Untracked files:
  (use "git add <file>..." to include in what will be committed)
        XPTO.txt

nothing added to commit but untracked files present (use "git add" to track)

Aluno TDS@SLE213818 MINGW64 ~/Desktop/git (master)
$ git remote add origin https://github.com/Rossetow/trabalho-git-.git

Aluno TDS@SLE213818 MINGW64 ~/Desktop/git (master)
$ git commit -m "Rafa vers達o"
On branch master

Initial commit

Untracked files:
  (use "git add <file>..." to include in what will be committed)
        XPTO.txt

nothing added to commit but untracked files present (use "git add" to track)

Aluno TDS@SLE213818 MINGW64 ~/Desktop/git (master)
$ git commit -m rafa
On branch master

Initial commit

Untracked files:
  (use "git add <file>..." to include in what will be committed)
        XPTO.txt

nothing added to commit but untracked files present (use "git add" to track)

Aluno TDS@SLE213818 MINGW64 ~/Desktop/git (master)
$ git add XPTO.txt

Aluno TDS@SLE213818 MINGW64 ~/Desktop/git (master)
$ git commit -m "Rafa vers達o"
[master (root-commit) 8f00d97] Rafa vers達o
 1 file changed, 4 insertions(+)
 create mode 100644 XPTO.txt

Aluno TDS@SLE213818 MINGW64 ~/Desktop/git (master)
$ git push -u origin master
Enumerating objects: 3, done.
Counting objects: 100% (3/3), done.
Delta compression using up to 8 threads
Compressing objects: 100% (2/2), done.
Writing objects: 100% (3/3), 290 bytes | 290.00 KiB/s, done.
Total 3 (delta 0), reused 0 (delta 0), pack-reused 0
To https://github.com/Rossetow/trabalho-git-.git
 * [new branch]      master -> master
branch 'master' set up to track 'origin/master'.

Aluno TDS@SLE213818 MINGW64 ~/Desktop/git (master)
$ git checkout -b dev
Switched to a new branch 'dev'

Aluno TDS@SLE213818 MINGW64 ~/Desktop/git (dev)
$ git checkout -b qa
Switched to a new branch 'qa'

Aluno TDS@SLE213818 MINGW64 ~/Desktop/git (qa)
$ git checkout master
Switched to branch 'master'
Your branch is up to date with 'origin/master'.

Aluno TDS@SLE213818 MINGW64 ~/Desktop/git (master)
$ git pull origin master
From https://github.com/Rossetow/trabalho-git-
 * branch            master     -> FETCH_HEAD
Already up to date.

Aluno TDS@SLE213818 MINGW64 ~/Desktop/git (master)
$ git push origin dev
To https://github.com/Rossetow/trabalho-git-.git
 ! [rejected]        dev -> dev (fetch first)
error: failed to push some refs to 'https://github.com/Rossetow/trabalho-git-.git'
hint: Updates were rejected because the remote contains work that you do
hint: not have locally. This is usually caused by another repository pushing
hint: to the same ref. You may want to first integrate the remote changes
hint: (e.g., 'git pull ...') before pushing again.
hint: See the 'Note about fast-forwards' in 'git push --help' for details.

Aluno TDS@SLE213818 MINGW64 ~/Desktop/git (master)
$ git pull origin dev
remote: Enumerating objects: 5, done.
remote: Counting objects: 100% (5/5), done.
remote: Compressing objects: 100% (1/1), done.
remote: Total 3 (delta 1), reused 3 (delta 1), pack-reused 0
Unpacking objects: 100% (3/3), 262 bytes | 7.00 KiB/s, done.
From https://github.com/Rossetow/trabalho-git-
 * branch            dev        -> FETCH_HEAD
 * [new branch]      dev        -> origin/dev
Updating 8f00d97..db74e7e
Fast-forward
 XPTO.txt | 3 ++-
 1 file changed, 2 insertions(+), 1 deletion(-)

