
pedro@Hades MINGW64 ~
$ git clone https://github.com/Rossetow/trabalho-git-.git
Cloning into 'trabalho-git-'...
remote: Enumerating objects: 6, done.
remote: Counting objects: 100% (6/6), done.
remote: Compressing objects: 100% (3/3), done.
remote: Total 6 (delta 1), reused 6 (delta 1), pack-reused 0
Receiving objects: 100% (6/6), done.
Resolving deltas: 100% (1/1), done.

pedro@Hades MINGW64 ~
$ git clone https://github.com/Rossetow/trabalho-git-.git
fatal: destination path 'trabalho-git-' already exists and is not an empty directory.

pedro@Hades MINGW64 ~
$ git checkout -b dev
fatal: not a git repository (or any of the parent directories): .git

pedro@Hades MINGW64 ~
$ cd "C:\Users\pedro\OneDrive\Área de Trabalho"

pedro@Hades MINGW64 ~/OneDrive/Área de Trabalho
$ git checkout dev
fatal: not a git repository (or any of the parent directories): .git

pedro@Hades MINGW64 ~/OneDrive/Área de Trabalho
$ git checkout -b dev
fatal: not a git repository (or any of the parent directories): .git

pedro@Hades MINGW64 ~/OneDrive/Área de Trabalho
$ cd C:\Users\pedro\OneDrive\Área de Trabalho\trabalho-git-
bash: cd: too many arguments

pedro@Hades MINGW64 ~/OneDrive/Área de Trabalho
$ cd "C:\Users\pedro\OneDrive\Área de Trabalho\trabalho-git-"

pedro@Hades MINGW64 ~/OneDrive/Área de Trabalho/trabalho-git- (master)
$ git checkout dev
Switched to a new branch 'dev'
branch 'dev' set up to track 'origin/dev'.

pedro@Hades MINGW64 ~/OneDrive/Área de Trabalho/trabalho-git- (dev)
$ git checkout -b QA
Switched to a new branch 'QA'

pedro@Hades MINGW64 ~/OneDrive/Área de Trabalho/trabalho-git- (QA)
$ git add XPTO.txt

pedro@Hades MINGW64 ~/OneDrive/Área de Trabalho/trabalho-git- (QA)
$ git commit -m Pedro Pascoal
error: pathspec 'Pascoal' did not match any file(s) known to git

pedro@Hades MINGW64 ~/OneDrive/Área de Trabalho/trabalho-git- (QA)
$ git commit -m Pedro_Pascoal
[QA 50b4e3c] Pedro_Pascoal
 1 file changed, 1 insertion(+)

pedro@Hades MINGW64 ~/OneDrive/Área de Trabalho/trabalho-git- (QA)
$ git checkout master
Switched to branch 'master'
Your branch is up to date with 'origin/master'.

pedro@Hades MINGW64 ~/OneDrive/Área de Trabalho/trabalho-git- (master)
$ git push add -u origin master
fatal: 'add' does not appear to be a git repository
fatal: Could not read from remote repository.

Please make sure you have the correct access rights
and the repository exists.

pedro@Hades MINGW64 ~/OneDrive/Área de Trabalho/trabalho-git- (master)
$ git push -u origin master
Everything up-to-date
branch 'master' set up to track 'origin/master'.

pedro@Hades MINGW64 ~/OneDrive/Área de Trabalho/trabalho-git- (master)
$ ^C

pedro@Hades MINGW64 ~/OneDrive/Área de Trabalho/trabalho-git- (master)
$ git add Codigo github git QA.txt
fatal: pathspec 'Codigo' did not match any files

pedro@Hades MINGW64 ~/OneDrive/Área de Trabalho/trabalho-git- (master)
$ git add Codigo_QA.txt

pedro@Hades MINGW64 ~/OneDrive/Área de Trabalho/trabalho-git- (master)
$ git commit -m
error: switch `m' requires a value

pedro@Hades MINGW64 ~/OneDrive/Área de Trabalho/trabalho-git- (master)
$ git commit -m Pedro_Pascoal
[master 241954e] Pedro_Pascoal
 1 file changed, 77 insertions(+)
 create mode 100644 Codigo_QA.txt

pedro@Hades MINGW64 ~/OneDrive/Área de Trabalho/trabalho-git- (master)
$ git push -u origin master
To https://github.com/Rossetow/trabalho-git-.git
 ! [rejected]        master -> master (fetch first)
error: failed to push some refs to 'https://github.com/Rossetow/trabalho-git-.git'
hint: Updates were rejected because the remote contains work that you do
hint: not have locally. This is usually caused by another repository pushing
hint: to the same ref. You may want to first integrate the remote changes
hint: (e.g., 'git pull ...') before pushing again.
hint: See the 'Note about fast-forwards' in 'git push --help' for details.

pedro@Hades MINGW64 ~/OneDrive/Área de Trabalho/trabalho-git- (master)
$ git push -u origin master
To https://github.com/Rossetow/trabalho-git-.git
 ! [rejected]        master -> master (fetch first)
error: failed to push some refs to 'https://github.com/Rossetow/trabalho-git-.git'
hint: Updates were rejected because the remote contains work that you do
hint: not have locally. This is usually caused by another repository pushing
hint: to the same ref. You may want to first integrate the remote changes
hint: (e.g., 'git pull ...') before pushing again.
hint: See the 'Note about fast-forwards' in 'git push --help' for details.

pedro@Hades MINGW64 ~/OneDrive/Área de Trabalho/trabalho-git- (master)
$ git checkout QA
Switched to branch 'QA'

pedro@Hades MINGW64 ~/OneDrive/Área de Trabalho/trabalho-git- (QA)
$ git push -u origin QA
Enumerating objects: 5, done.
Counting objects: 100% (5/5), done.
Delta compression using up to 8 threads
Compressing objects: 100% (2/2), done.
Writing objects: 100% (3/3), 302 bytes | 302.00 KiB/s, done.
Total 3 (delta 1), reused 0 (delta 0), pack-reused 0
remote: Resolving deltas: 100% (1/1), completed with 1 local object.
remote:
remote: Create a pull request for 'QA' on GitHub by visiting:
remote:      https://github.com/Rossetow/trabalho-git-/pull/new/QA
remote:
To https://github.com/Rossetow/trabalho-git-.git
 * [new branch]      QA -> QA
branch 'QA' set up to track 'origin/QA'.

pedro@Hades MINGW64 ~/OneDrive/Área de Trabalho/trabalho-git- (QA)
$
